Progress: resolved 1, reused 0, downloaded 0, added 0
apps/web                                 |  WARN  deprecated mathjax-full@3.2.2
Progress: resolved 187, reused 0, downloaded 0, added 0
Progress: resolved 820, reused 0, downloaded 0, added 0
 WARN  10 deprecated subdependencies found: @aws-sdk/core@3.977.1, @oslojs/asn1@1.0.0, @oslojs/binary@1.0.0, @oslojs/crypto@1.0.1, @xmldom/xmldom@0.9.10, glob@7.2.3, inflight@1.0.6, lucia@3.2.2, oslo@1.2.1, rimraf@3.0.2
Progress: resolved 1652, reused 0, downloaded 0, added 0
 WARN  Issues with peer dependencies found
apps/web
├─┬ @blocknote/core 0.54.0
│ ├─┬ @tiptap/extension-italic 3.31.3
│ │ └── ✕ unmet peer @tiptap/core@3.31.3: found 3.29.2
│ ├─┬ @tiptap/extension-bold 3.31.3
│ │ └── ✕ unmet peer @tiptap/core@3.31.3: found 3.29.2
│ ├─┬ @tiptap/extension-code 3.31.3
│ │ └── ✕ unmet peer @tiptap/core@3.31.3: found 3.29.2
│ ├─┬ @tiptap/extension-strike 3.31.3
│ │ └── ✕ unmet peer @tiptap/core@3.31.3: found 3.29.2
│ ├─┬ @tiptap/extension-text 3.31.3
│ │ └── ✕ unmet peer @tiptap/core@3.31.3: found 3.29.2
│ ├─┬ @tiptap/extension-underline 3.31.3
│ │ └── ✕ unmet peer @tiptap/core@3.31.3: found 3.29.2
│ └─┬ @tiptap/extensions 3.31.3
│   ├── ✕ unmet peer @tiptap/core@3.31.3: found 3.29.2
│   └── ✕ unmet peer @tiptap/pm@3.31.3: found 3.29.2
└─┬ @blocknote/mantine 0.54.0
  └─┬ @blocknote/react 0.54.0
    └─┬ @tiptap/react 3.31.3
      ├── ✕ unmet peer @tiptap/core@3.31.3: found 3.29.2
      ├── ✕ unmet peer @tiptap/pm@3.31.3: found 3.29.2
      ├─┬ @tiptap/extension-floating-menu 3.31.3
      │ ├── ✕ unmet peer @tiptap/core@3.31.3: found 3.29.2
      │ └── ✕ unmet peer @tiptap/pm@3.31.3: found 3.29.2
      └─┬ @tiptap/extension-bubble-menu 3.31.3
        ├── ✕ unmet peer @tiptap/core@3.31.3: found 3.29.2
        └── ✕ unmet peer @tiptap/pm@3.31.3: found 3.29.2
Progress: resolved 1652, reused 146, downloaded 0, added 0
.                                        |  +60 -210 ++++++---------------------
Progress: resolved 1652, reused 246, downloaded 11, added 60, done
Done in 6s using pnpm v10.34.5
