
> @bureau/web@1.0.0 typecheck /app/Texxel/apps/web
> tsc --noEmit

app/app/documents/page.tsx(79,23): error TS2322: Type '{ variant: string; size: number; }' is not assignable to type 'IntrinsicAttributes & Omit<LucideProps, "ref"> & RefAttributes<SVGSVGElement>'.
  Property 'variant' does not exist on type 'IntrinsicAttributes & Omit<LucideProps, "ref"> & RefAttributes<SVGSVGElement>'.
app/app/settings/page.tsx(543,89): error TS2322: Type 'string | undefined' is not assignable to type 'string | number | Date'.
  Type 'undefined' is not assignable to type 'string | number | Date'.
components/ai-assistant.tsx(344,37): error TS2339: Property 'subscriptions' does not exist on type '{ users: { store: FunctionReference<"mutation", "public", {}, string & { __tableName: "users"; }, string | undefined>; me: FunctionReference<"query", "public", {}, { _id: Id<...>; name: any; email: any; image: any; } | null, string | undefined>; get: FunctionReference<...>; updateProfile: FunctionReference<...>; }; ...'.
components/ai-assistant.tsx(345,32): error TS2339: Property 'subscriptions' does not exist on type '{ users: { store: FunctionReference<"mutation", "public", {}, string & { __tableName: "users"; }, string | undefined>; me: FunctionReference<"query", "public", {}, { _id: Id<...>; name: any; email: any; image: any; } | null, string | undefined>; get: FunctionReference<...>; updateProfile: FunctionReference<...>; }; ...'.
components/ai-assistant.tsx(346,38): error TS2339: Property 'subscriptions' does not exist on type '{ users: { store: FunctionReference<"mutation", "public", {}, string & { __tableName: "users"; }, string | undefined>; me: FunctionReference<"query", "public", {}, { _id: Id<...>; name: any; email: any; image: any; } | null, string | undefined>; get: FunctionReference<...>; updateProfile: FunctionReference<...>; }; ...'.
components/ai-assistant.tsx(356,32): error TS2339: Property 'tasks' does not exist on type '{ users: { store: FunctionReference<"mutation", "public", {}, string & { __tableName: "users"; }, string | undefined>; me: FunctionReference<"query", "public", {}, { _id: Id<...>; name: any; email: any; image: any; } | null, string | undefined>; get: FunctionReference<...>; updateProfile: FunctionReference<...>; }; ...'.
components/ai-assistant.tsx(357,35): error TS2339: Property 'documents' does not exist on type '{ users: { store: FunctionReference<"mutation", "public", {}, string & { __tableName: "users"; }, string | undefined>; me: FunctionReference<"query", "public", {}, { _id: Id<...>; name: any; email: any; image: any; } | null, string | undefined>; get: FunctionReference<...>; updateProfile: FunctionReference<...>; }; ...'.
components/ai-assistant.tsx(358,44): error TS2339: Property 'getMyProjects' does not exist on type '{ list: FunctionReference<"query", "public", { workspaceId: Id<"workspaces">; }, { taskTotal: number; taskDone: number; memberCount: number; isMember: boolean; _id: Id<"projects">; _creationTime: number; ... 13 more ...; createdBy: Id<...>; }[], string | undefined>; ... 4 more ...; remove: FunctionReference<...>; }'.
components/ai-assistant.tsx(359,32): error TS2339: Property 'teams' does not exist on type '{ users: { store: FunctionReference<"mutation", "public", {}, string & { __tableName: "users"; }, string | undefined>; me: FunctionReference<"query", "public", {}, { _id: Id<...>; name: any; email: any; image: any; } | null, string | undefined>; get: FunctionReference<...>; updateProfile: FunctionReference<...>; }; ...'.
components/ai-assistant.tsx(362,38): error TS2339: Property 'tasks' does not exist on type '{ users: { store: FunctionReference<"mutation", "public", {}, string & { __tableName: "users"; }, string | undefined>; me: FunctionReference<"query", "public", {}, { _id: Id<...>; name: any; email: any; image: any; } | null, string | undefined>; get: FunctionReference<...>; updateProfile: FunctionReference<...>; }; ...'.
components/ai-assistant.tsx(363,38): error TS2339: Property 'tasks' does not exist on type '{ users: { store: FunctionReference<"mutation", "public", {}, string & { __tableName: "users"; }, string | undefined>; me: FunctionReference<"query", "public", {}, { _id: Id<...>; name: any; email: any; image: any; } | null, string | undefined>; get: FunctionReference<...>; updateProfile: FunctionReference<...>; }; ...'.
components/ai-assistant.tsx(364,37): error TS2339: Property 'documents' does not exist on type '{ users: { store: FunctionReference<"mutation", "public", {}, string & { __tableName: "users"; }, string | undefined>; me: FunctionReference<"query", "public", {}, { _id: Id<...>; name: any; email: any; image: any; } | null, string | undefined>; get: FunctionReference<...>; updateProfile: FunctionReference<...>; }; ...'.
components/ai-assistant.tsx(365,37): error TS2339: Property 'documents' does not exist on type '{ users: { store: FunctionReference<"mutation", "public", {}, string & { __tableName: "users"; }, string | undefined>; me: FunctionReference<"query", "public", {}, { _id: Id<...>; name: any; email: any; image: any; } | null, string | undefined>; get: FunctionReference<...>; updateProfile: FunctionReference<...>; }; ...'.
components/ai-assistant.tsx(369,6): error TS7006: Parameter 'tk' implicitly has an 'any' type.
components/ai-assistant.tsx(440,45): error TS7006: Parameter 'd' implicitly has an 'any' type.
components/ai-assistant.tsx(442,25): error TS7006: Parameter 'd' implicitly has an 'any' type.
components/ai-assistant.tsx(446,65): error TS7006: Parameter 'p' implicitly has an 'any' type.
components/ai-assistant.tsx(448,29): error TS7006: Parameter 'p' implicitly has an 'any' type.
components/ai-assistant.tsx(452,43): error TS7006: Parameter 'tk' implicitly has an 'any' type.
components/ai-assistant.tsx(464,26): error TS7006: Parameter 'tk' implicitly has an 'any' type.
components/ai-assistant.tsx(472,51): error TS7006: Parameter 'tm' implicitly has an 'any' type.
components/ai-assistant.tsx(548,13): error TS2353: Object literal may only specify known properties, and 'dueDate' does not exist in type '{ description?: string | undefined; key?: string | undefined; color?: string | undefined; locale?: string | undefined; startDate?: number | undefined; targetDate?: number | undefined; ... 5 more ...; workspaceId: Id<...>; }'.
components/ai-assistant.tsx(566,54): error TS2344: Type '"documents"' does not satisfy the constraint 'TableNames | SystemTableNames'.
components/ai-assistant.tsx(570,54): error TS2344: Type '"documents"' does not satisfy the constraint 'TableNames | SystemTableNames'.
components/ai-assistant.tsx(580,54): error TS2344: Type '"documents"' does not satisfy the constraint 'TableNames | SystemTableNames'.
components/ai-assistant.tsx(584,54): error TS2344: Type '"documents"' does not satisfy the constraint 'TableNames | SystemTableNames'.
components/ai-assistant.tsx(596,54): error TS2344: Type '"documents"' does not satisfy the constraint 'TableNames | SystemTableNames'.
components/ai-assistant.tsx(600,54): error TS2344: Type '"documents"' does not satisfy the constraint 'TableNames | SystemTableNames'.
components/app/template-picker-dialog.tsx(180,21): error TS2322: Type '{ variant: string; size: number; }' is not assignable to type 'IntrinsicAttributes & Omit<LucideProps, "ref"> & RefAttributes<SVGSVGElement>'.
  Property 'variant' does not exist on type 'IntrinsicAttributes & Omit<LucideProps, "ref"> & RefAttributes<SVGSVGElement>'.
components/app/template-picker-dialog.tsx(308,23): error TS2322: Type '{ variant: string; size: number; className: string; }' is not assignable to type 'IntrinsicAttributes & Omit<LucideProps, "ref"> & RefAttributes<SVGSVGElement>'.
  Property 'variant' does not exist on type 'IntrinsicAttributes & Omit<LucideProps, "ref"> & RefAttributes<SVGSVGElement>'.
components/app/template-picker-dialog.tsx(391,29): error TS2322: Type '{ variant: string; size: number; }' is not assignable to type 'IntrinsicAttributes & Omit<LucideProps, "ref"> & RefAttributes<SVGSVGElement>'.
  Property 'variant' does not exist on type 'IntrinsicAttributes & Omit<LucideProps, "ref"> & RefAttributes<SVGSVGElement>'.
components/chips.tsx(515,58): error TS2339: Property 'createReminder' does not exist on type '{ listMine: FunctionReference<"query", "public", { limit?: number | undefined; unreadOnly?: boolean | undefined; }, any[], string | undefined>; unreadCount: FunctionReference<...>; markRead: FunctionReference<...>; markAllRead: FunctionReference<...>; remove: FunctionReference<...>; clearAll: FunctionReference<...>; }'.
components/chips.tsx(930,30): error TS2339: Property 'tasks' does not exist on type '{ users: { store: FunctionReference<"mutation", "public", {}, string & { __tableName: "users"; }, string | undefined>; me: FunctionReference<"query", "public", {}, { _id: Id<...>; name: any; email: any; image: any; } | null, string | undefined>; get: FunctionReference<...>; updateProfile: FunctionReference<...>; }; ...'.
components/chips.tsx(931,42): error TS2339: Property 'getMyProjects' does not exist on type '{ list: FunctionReference<"query", "public", { workspaceId: Id<"workspaces">; }, { taskTotal: number; taskDone: number; memberCount: number; isMember: boolean; _id: Id<"projects">; _creationTime: number; ... 13 more ...; createdBy: Id<...>; }[], string | undefined>; ... 4 more ...; remove: FunctionReference<...>; }'.
components/cover.tsx(13,30): error TS2307: Cannot find module '@/lib/edgestore' or its corresponding type declarations.
components/cover.tsx(28,44): error TS2339: Property 'documents' does not exist on type '{ users: { store: FunctionReference<"mutation", "public", {}, string & { __tableName: "users"; }, string | undefined>; me: FunctionReference<"query", "public", {}, { _id: Id<...>; name: any; email: any; image: any; } | null, string | undefined>; get: FunctionReference<...>; updateProfile: FunctionReference<...>; }; ...'.
components/cover.tsx(39,37): error TS2344: Type '"documents"' does not satisfy the constraint 'TableNames | SystemTableNames'.
components/editor.tsx(22,30): error TS2307: Cannot find module '@/lib/edgestore' or its corresponding type declarations.
components/editor.tsx(30,35): error TS2307: Cannot find module '@/lib/ConvexThreadStore' or its corresponding type declarations.
components/editor.tsx(36,31): error TS2307: Cannot find module 'y-partykit/provider' or its corresponding type declarations.
components/editor.tsx(54,19): error TS2344: Type '"documents"' does not satisfy the constraint 'TableNames | SystemTableNames'.
components/editor.tsx(204,9): error TS2339: Property 'comments' does not exist on type '{ users: { store: FunctionReference<"mutation", "public", {}, string & { __tableName: "users"; }, string | undefined>; me: FunctionReference<"query", "public", {}, { _id: Id<...>; name: any; email: any; image: any; } | null, string | undefined>; get: FunctionReference<...>; updateProfile: FunctionReference<...>; }; ...'.
components/editor.tsx(208,48): error TS2339: Property 'comments' does not exist on type '{ users: { store: FunctionReference<"mutation", "public", {}, string & { __tableName: "users"; }, string | undefined>; me: FunctionReference<"query", "public", {}, { _id: Id<...>; name: any; email: any; image: any; } | null, string | undefined>; get: FunctionReference<...>; updateProfile: FunctionReference<...>; }; ...'.
components/editor.tsx(209,46): error TS2339: Property 'comments' does not exist on type '{ users: { store: FunctionReference<"mutation", "public", {}, string & { __tableName: "users"; }, string | undefined>; me: FunctionReference<"query", "public", {}, { _id: Id<...>; name: any; email: any; image: any; } | null, string | undefined>; get: FunctionReference<...>; updateProfile: FunctionReference<...>; }; ...'.
components/editor.tsx(210,49): error TS2339: Property 'comments' does not exist on type '{ users: { store: FunctionReference<"mutation", "public", {}, string & { __tableName: "users"; }, string | undefined>; me: FunctionReference<"query", "public", {}, { _id: Id<...>; name: any; email: any; image: any; } | null, string | undefined>; get: FunctionReference<...>; updateProfile: FunctionReference<...>; }; ...'.
components/editor.tsx(211,49): error TS2339: Property 'comments' does not exist on type '{ users: { store: FunctionReference<"mutation", "public", {}, string & { __tableName: "users"; }, string | undefined>; me: FunctionReference<"query", "public", {}, { _id: Id<...>; name: any; email: any; image: any; } | null, string | undefined>; get: FunctionReference<...>; updateProfile: FunctionReference<...>; }; ...'.
components/editor.tsx(212,48): error TS2339: Property 'comments' does not exist on type '{ users: { store: FunctionReference<"mutation", "public", {}, string & { __tableName: "users"; }, string | undefined>; me: FunctionReference<"query", "public", {}, { _id: Id<...>; name: any; email: any; image: any; } | null, string | undefined>; get: FunctionReference<...>; updateProfile: FunctionReference<...>; }; ...'.
components/editor.tsx(213,49): error TS2339: Property 'comments' does not exist on type '{ users: { store: FunctionReference<"mutation", "public", {}, string & { __tableName: "users"; }, string | undefined>; me: FunctionReference<"query", "public", {}, { _id: Id<...>; name: any; email: any; image: any; } | null, string | undefined>; get: FunctionReference<...>; updateProfile: FunctionReference<...>; }; ...'.
components/editor.tsx(214,51): error TS2339: Property 'comments' does not exist on type '{ users: { store: FunctionReference<"mutation", "public", {}, string & { __tableName: "users"; }, string | undefined>; me: FunctionReference<"query", "public", {}, { _id: Id<...>; name: any; email: any; image: any; } | null, string | undefined>; get: FunctionReference<...>; updateProfile: FunctionReference<...>; }; ...'.
components/editor.tsx(215,47): error TS2339: Property 'comments' does not exist on type '{ users: { store: FunctionReference<"mutation", "public", {}, string & { __tableName: "users"; }, string | undefined>; me: FunctionReference<"query", "public", {}, { _id: Id<...>; name: any; email: any; image: any; } | null, string | undefined>; get: FunctionReference<...>; updateProfile: FunctionReference<...>; }; ...'.
components/editor.tsx(216,50): error TS2339: Property 'comments' does not exist on type '{ users: { store: FunctionReference<"mutation", "public", {}, string & { __tableName: "users"; }, string | undefined>; me: FunctionReference<"query", "public", {}, { _id: Id<...>; name: any; email: any; image: any; } | null, string | undefined>; get: FunctionReference<...>; updateProfile: FunctionReference<...>; }; ...'.
components/editor.tsx(226,22): error TS7006: Parameter 'args' implicitly has an 'any' type.
components/editor.tsx(227,20): error TS7006: Parameter 'args' implicitly has an 'any' type.
components/editor.tsx(228,23): error TS7006: Parameter 'args' implicitly has an 'any' type.
components/editor.tsx(229,23): error TS7006: Parameter 'args' implicitly has an 'any' type.
components/editor.tsx(230,22): error TS7006: Parameter 'args' implicitly has an 'any' type.
components/editor.tsx(231,23): error TS7006: Parameter 'args' implicitly has an 'any' type.
components/editor.tsx(232,25): error TS7006: Parameter 'args' implicitly has an 'any' type.
components/editor.tsx(233,21): error TS7006: Parameter 'args' implicitly has an 'any' type.
components/editor.tsx(234,24): error TS7006: Parameter 'args' implicitly has an 'any' type.
components/modals/CoverImageModal.tsx(13,30): error TS2307: Cannot find module '@/lib/edgestore' or its corresponding type declarations.
components/modals/CoverImageModal.tsx(28,34): error TS2339: Property 'documents' does not exist on type '{ users: { store: FunctionReference<"mutation", "public", {}, string & { __tableName: "users"; }, string | undefined>; me: FunctionReference<"query", "public", {}, { _id: Id<...>; name: any; email: any; image: any; } | null, string | undefined>; get: FunctionReference<...>; updateProfile: FunctionReference<...>; }; ...'.
components/modals/CoverImageModal.tsx(94,37): error TS2344: Type '"documents"' does not satisfy the constraint 'TableNames | SystemTableNames'.
components/modals/ImportModal.tsx(26,45): error TS2339: Property 'documents' does not exist on type '{ users: { store: FunctionReference<"mutation", "public", {}, string & { __tableName: "users"; }, string | undefined>; me: FunctionReference<"query", "public", {}, { _id: Id<...>; name: any; email: any; image: any; } | null, string | undefined>; get: FunctionReference<...>; updateProfile: FunctionReference<...>; }; ...'.
components/modals/ShareDialog.tsx(42,18): error TS2344: Type '"documents"' does not satisfy the constraint 'TableNames | SystemTableNames'.
components/modals/ShareDialog.tsx(47,23): error TS2344: Type '"teams"' does not satisfy the constraint 'TableNames | SystemTableNames'.
components/modals/ShareDialog.tsx(60,41): error TS2339: Property 'documents' does not exist on type '{ users: { store: FunctionReference<"mutation", "public", {}, string & { __tableName: "users"; }, string | undefined>; me: FunctionReference<"query", "public", {}, { _id: Id<...>; name: any; email: any; image: any; } | null, string | undefined>; get: FunctionReference<...>; updateProfile: FunctionReference<...>; }; ...'.
components/modals/ShareDialog.tsx(61,41): error TS2339: Property 'documents' does not exist on type '{ users: { store: FunctionReference<"mutation", "public", {}, string & { __tableName: "users"; }, string | undefined>; me: FunctionReference<"query", "public", {}, { _id: Id<...>; name: any; email: any; image: any; } | null, string | undefined>; get: FunctionReference<...>; updateProfile: FunctionReference<...>; }; ...'.
components/modals/ShareDialog.tsx(62,39): error TS2339: Property 'documents' does not exist on type '{ users: { store: FunctionReference<"mutation", "public", {}, string & { __tableName: "users"; }, string | undefined>; me: FunctionReference<"query", "public", {}, { _id: Id<...>; name: any; email: any; image: any; } | null, string | undefined>; get: FunctionReference<...>; updateProfile: FunctionReference<...>; }; ...'.
components/modals/ShareDialog.tsx(63,32): error TS2339: Property 'teams' does not exist on type '{ users: { store: FunctionReference<"mutation", "public", {}, string & { __tableName: "users"; }, string | undefined>; me: FunctionReference<"query", "public", {}, { _id: Id<...>; name: any; email: any; image: any; } | null, string | undefined>; get: FunctionReference<...>; updateProfile: FunctionReference<...>; }; ...'.
components/modals/ShareDialog.tsx(112,35): error TS2344: Type '"teams"' does not satisfy the constraint 'TableNames | SystemTableNames'.
components/tasks/NewTaskDialog.tsx(41,15): error TS2344: Type '"teams"' does not satisfy the constraint 'TableNames | SystemTableNames'.
components/tasks/NewTaskDialog.tsx(59,34): error TS2339: Property 'tasks' does not exist on type '{ users: { store: FunctionReference<"mutation", "public", {}, string & { __tableName: "users"; }, string | undefined>; me: FunctionReference<"query", "public", {}, { _id: Id<...>; name: any; email: any; image: any; } | null, string | undefined>; get: FunctionReference<...>; updateProfile: FunctionReference<...>; }; ...'.
components/tasks/NewTaskDialog.tsx(60,32): error TS2339: Property 'teams' does not exist on type '{ users: { store: FunctionReference<"mutation", "public", {}, string & { __tableName: "users"; }, string | undefined>; me: FunctionReference<"query", "public", {}, { _id: Id<...>; name: any; email: any; image: any; } | null, string | undefined>; get: FunctionReference<...>; updateProfile: FunctionReference<...>; }; ...'.
components/tasks/NewTaskDialog.tsx(61,44): error TS2339: Property 'getMyProjects' does not exist on type '{ list: FunctionReference<"query", "public", { workspaceId: Id<"workspaces">; }, { taskTotal: number; taskDone: number; memberCount: number; isMember: boolean; _id: Id<"projects">; _creationTime: number; ... 13 more ...; createdBy: Id<...>; }[], string | undefined>; ... 4 more ...; remove: FunctionReference<...>; }'.
components/tasks/NewTaskDialog.tsx(83,9): error TS2339: Property 'teams' does not exist on type '{ users: { store: FunctionReference<"mutation", "public", {}, string & { __tableName: "users"; }, string | undefined>; me: FunctionReference<"query", "public", {}, { _id: Id<...>; name: any; email: any; image: any; } | null, string | undefined>; get: FunctionReference<...>; updateProfile: FunctionReference<...>; }; ...'.
components/tasks/NewTaskDialog.tsx(84,53): error TS2344: Type '"teams"' does not satisfy the constraint 'TableNames | SystemTableNames'.
components/tasks/NewTaskDialog.tsx(87,55): error TS7006: Parameter 'p' implicitly has an 'any' type.
components/tasks/NewTaskDialog.tsx(112,56): error TS2344: Type '"teams"' does not satisfy the constraint 'TableNames | SystemTableNames'.
components/tasks/NewTaskDialog.tsx(264,60): error TS7006: Parameter 'project' implicitly has an 'any' type.
components/tasks/NewTaskDialog.tsx(289,47): error TS7006: Parameter 'member' implicitly has an 'any' type.
components/toolbar.tsx(19,20): error TS2344: Type '"documents"' does not satisfy the constraint 'TableNames'.
components/toolbar.tsx(29,38): error TS18046: 'initialData' is of type 'unknown'.
components/toolbar.tsx(31,42): error TS2339: Property 'documents' does not exist on type '{ users: { store: FunctionReference<"mutation", "public", {}, string & { __tableName: "users"; }, string | undefined>; me: FunctionReference<"query", "public", {}, { _id: Id<...>; name: any; email: any; image: any; } | null, string | undefined>; get: FunctionReference<...>; updateProfile: FunctionReference<...>; }; ...'.
components/toolbar.tsx(32,46): error TS2339: Property 'documents' does not exist on type '{ users: { store: FunctionReference<"mutation", "public", {}, string & { __tableName: "users"; }, string | undefined>; me: FunctionReference<"query", "public", {}, { _id: Id<...>; name: any; email: any; image: any; } | null, string | undefined>; get: FunctionReference<...>; updateProfile: FunctionReference<...>; }; ...'.
components/toolbar.tsx(44,16): error TS18046: 'initialData' is of type 'unknown'.
components/toolbar.tsx(50,16): error TS18046: 'initialData' is of type 'unknown'.
components/toolbar.tsx(52,7): error TS18046: 'initialData' is of type 'unknown'.
components/toolbar.tsx(56,19): error TS18046: 'initialData' is of type 'unknown'.
components/toolbar.tsx(60,13): error TS18046: 'initialData' is of type 'unknown'.
components/toolbar.tsx(66,14): error TS18046: 'initialData' is of type 'unknown'.
components/toolbar.tsx(66,31): error TS18046: 'initialData' is of type 'unknown'.
components/toolbar.tsx(77,15): error TS18046: 'initialData' is of type 'unknown'.
components/toolbar.tsx(90,11): error TS18046: 'initialData' is of type 'unknown'.
components/toolbar.tsx(98,11): error TS18046: 'initialData' is of type 'unknown'.
components/toolbar.tsx(104,10): error TS18046: 'initialData' is of type 'unknown'.
components/toolbar.tsx(108,14): error TS18046: 'initialData' is of type 'unknown'.
components/toolbar.tsx(109,13): error TS18046: 'initialData' is of type 'unknown'.
components/toolbar.tsx(114,16): error TS18046: 'initialData' is of type 'unknown'.
components/toolbar.tsx(127,10): error TS18046: 'initialData' is of type 'unknown'.
components/toolbar.tsx(131,14): error TS18046: 'initialData' is of type 'unknown'.
components/toolbar.tsx(132,13): error TS18046: 'initialData' is of type 'unknown'.
components/toolbar.tsx(135,12): error TS18046: 'initialData' is of type 'unknown'.
components/toolbar.tsx(139,11): error TS18046: 'initialData' is of type 'unknown'.
components/toolbar.tsx(151,11): error TS18046: 'initialData' is of type 'unknown'.
components/version-history-panel.tsx(14,18): error TS2344: Type '"documents"' does not satisfy the constraint 'TableNames | SystemTableNames'.
components/version-history-panel.tsx(46,33): error TS2339: Property 'documents' does not exist on type '{ users: { store: FunctionReference<"mutation", "public", {}, string & { __tableName: "users"; }, string | undefined>; me: FunctionReference<"query", "public", {}, { _id: Id<...>; name: any; email: any; image: any; } | null, string | undefined>; get: FunctionReference<...>; updateProfile: FunctionReference<...>; }; ...'.
components/version-history-panel.tsx(47,39): error TS2339: Property 'documents' does not exist on type '{ users: { store: FunctionReference<"mutation", "public", {}, string & { __tableName: "users"; }, string | undefined>; me: FunctionReference<"query", "public", {}, { _id: Id<...>; name: any; email: any; image: any; } | null, string | undefined>; get: FunctionReference<...>; updateProfile: FunctionReference<...>; }; ...'.
components/version-history-panel.tsx(48,42): error TS2339: Property 'documents' does not exist on type '{ users: { store: FunctionReference<"mutation", "public", {}, string & { __tableName: "users"; }, string | undefined>; me: FunctionReference<"query", "public", {}, { _id: Id<...>; name: any; email: any; image: any; } | null, string | undefined>; get: FunctionReference<...>; updateProfile: FunctionReference<...>; }; ...'.
components/version-history-panel.tsx(66,46): error TS2344: Type '"documentVersions"' does not satisfy the constraint 'TableNames | SystemTableNames'.
components/version-history-panel.tsx(133,28): error TS7006: Parameter 'v' implicitly has an 'any' type.
components/version-history-panel.tsx(133,31): error TS7006: Parameter 'idx' implicitly has an 'any' type.
components/version-history-panel.tsx(176,66): error TS2344: Type '"documentVersions"' does not satisfy the constraint 'TableNames | SystemTableNames'.
/app/Texxel/apps/web:
 ERR_PNPM_RECURSIVE_RUN_FIRST_FAIL  @bureau/web@1.0.0 typecheck: `tsc --noEmit`
Exit status 2
