
> @bureau/web@1.0.0 build /app/Texxel/apps/web
> next build

▲ Next.js 16.2.11 (Turbopack)

  Creating an optimized production build ...
✓ Compiled successfully in 26.2s
  Skipping validation of types
  Finished TypeScript config validation in 25ms ...
  Collecting page data using 7 workers ...
  Generating static pages using 7 workers (0/28) ...
Error occurred prerendering page "/app/analytics". Read more: https://nextjs.org/docs/messages/prerender-error
Error: No address provided to ConvexReactClient.
If trying to deploy to production, make sure to follow all the instructions found at https://docs.convex.dev/production/hosting/
If running locally, make sure to run `convex dev` and ensure the .env.local file is populated.
    at module evaluation (.next/server/chunks/ssr/[root-of-the-server]__0f0k4nm._.js:1:7160)
    at instantiateModule (.next/server/chunks/ssr/[turbopack]_runtime.js:853:9)
    at getOrInstantiateModuleFromParent (.next/server/chunks/ssr/[turbopack]_runtime.js:877:12)
    at Context.commonJsRequire [as r] (.next/server/chunks/ssr/[turbopack]_runtime.js:302:12) {
  digest: '356965275'
}
Export encountered an error on /app/analytics/page: /app/analytics, exiting the build.
⨯ Next.js build worker exited with code: 1 and signal: null
/app/Texxel/apps/web:
 ERR_PNPM_RECURSIVE_RUN_FIRST_FAIL  @bureau/web@1.0.0 build: `next build`
Exit status 1
